// Jest Snapshot v1, https://goo.gl/fbAQLP

exports[`Notice should match snapshot 1`] = `
<Notice
  debouncedSpeak={[Function]}
  speak={[Function]}
  status="example"
/>
`;
